main = SectionWithNames()
main.cname = Integer(12)
