main = SectionWithNames()
main.w_name = Integer(12)
