main = SectionWithNames()
main.name_k = Integer(12)
