main = SectionWithNames()
main.name_2 = Integer(12)
