main = SectionWithNames()
main.name_8 = Integer(12)
