main = SectionWithNames()
main.name_rname = Integer(12)
