main = SectionWithNames()
main.name_iname = Integer(12)
