main = SectionWithNames()
main.name_7name = Integer(12)
