main = SectionWithNames()
main.abcxyza = Integer(12)
