main = SectionWithNames()
main.integer_01 = Integer(0)
main.integer_02 = Integer(1)
main.integer_03 = Integer(-1)
main.integer_04 = Integer(1)
main.integer_05 = Integer(10)
main.integer_06 = Integer(-10)
main.integer_07 = Integer(10)
main.integer_08 = Integer(159)
main.integer_09 = Integer(-159)
main.integer_10 = Integer(2147483647)
main.integer_11 = Integer(-2147483648)
main.integer_12 = Integer(26)
main.integer_13 = Integer(-26)
main.integer_14 = Integer(8164)
main.integer_15 = Integer(-8164)
main.integer_16 = Integer(6716)
main.integer_17 = Integer(-6716)
main.integer_18 = Integer(301)
main.integer_19 = Integer(-301)
main.integer_20 = Integer(11259138)
main.integer_21 = Integer(-11259138)
main.integer_22 = Integer(2147483647)
main.integer_23 = Integer(-2147483648)
main.integer_24 = Integer(2147483647)
main.integer_25 = Integer(-2147483648)
main.integer_26 = Integer(0)
main.integer_27 = Integer(11259375)
main.integer_28 = Integer(11259375)
main.integer_29 = Integer(11259375)
main.integer_30 = Integer(11259375)
