multi_line_regex = SectionWithNames()
multi_line_regex.value_17 = RegEx("One Line")
