multi_line_regex = SectionWithNames()
multi_line_regex.value_20 = RegEx("\u{a}One Line")
