multi_line_regex = SectionWithNames()
multi_line_regex.value_39 = RegEx("First Line\u{a}Second Line\u{a}Third Line")
