multi_line_code = SectionWithNames()
multi_line_code.value_20 = Text("\u{a}One Line")
