multi_line_code = SectionWithNames()
multi_line_code.value_22 = Text("One Line\u{a}")
