multi_line_code = SectionWithNames()
multi_line_code.value_24 = Text("\u{a}One Line\u{a}")
