multi_line_code = SectionWithNames()
multi_line_code.value_40 = Text("x ```")
