byte_data_values = SectionWithNames()
byte_data_values.value_01 = Bytes()
byte_data_values.value_02 = Bytes()
byte_data_values.value_03 = Bytes()
byte_data_values.value_04 = Bytes(01)
byte_data_values.value_05 = Bytes(af)
byte_data_values.value_06 = Bytes(af)
byte_data_values.value_07 = Bytes(23)
byte_data_values.value_08 = Bytes(45)
byte_data_values.value_09 = Bytes(6789)
byte_data_values.value_10 = Bytes(abcd)
byte_data_values.value_11 = Bytes(efab)
byte_data_values.value_12 = Bytes(cdef)
byte_data_values.value_13 = Bytes(0123456789abcdef0123456789abcdef0123456789abcdef0123456789abcdef0123456789abcdef)
byte_data_values.value_14 = Bytes()
byte_data_values.value_15 = Bytes()
byte_data_values.value_16 = Bytes()
byte_data_values.value_17 = Bytes(01)
byte_data_values.value_18 = Bytes(af)
byte_data_values.value_19 = Bytes(af)
byte_data_values.value_20 = Bytes(23)
byte_data_values.value_21 = Bytes(45)
byte_data_values.value_22 = Bytes(6789)
byte_data_values.value_23 = Bytes(abcd)
byte_data_values.value_24 = Bytes(efab)
byte_data_values.value_25 = Bytes(cdef)
byte_data_values.value_26 = Bytes(0123456789abcdef0123456789abcdef0123456789abcdef0123456789abcdef0123456789abcdef)
