multi_line_text = SectionWithNames()
multi_line_text.value_34 = Text("First Line\u{a}\u{a}    Second Line")
