multi_line_text = SectionWithNames()
multi_line_text.value_41 = Text("x \u{22}\u{22}\u{22}")
