multi_line_text = SectionWithNames()
multi_line_text.value_44 = Text("\u{a} \u{22}\u{22}\u{22}")
