byte_data_values = SectionWithNames()
byte_data_values.value_17 = Bytes(01)
