main = IntermediateSection()
main.d = SectionWithNames()
