main = IntermediateSection()
main.u = SectionWithNames()
