main = IntermediateSection()
main.a = SectionWithNames()
