main = IntermediateSection()
main.qname = SectionWithNames()
