main = IntermediateSection()
main.ad = SectionWithNames()
