main = IntermediateSection()
main.as = SectionWithNames()
