main = IntermediateSection()
main.ae = SectionWithNames()
