main = IntermediateSection()
main.al = SectionWithNames()
