main = IntermediateSection()
main.a1 = SectionWithNames()
