main = IntermediateSection()
main.a4 = SectionWithNames()
