main = IntermediateSection()
main.adname = SectionWithNames()
