main = IntermediateSection()
main.ayname = SectionWithNames()
