main = IntermediateSection()
main.abname = SectionWithNames()
