main = IntermediateSection()
main.b_name = SectionWithNames()
