main = IntermediateSection()
main.c_name = SectionWithNames()
