main = IntermediateSection()
main.name_c = SectionWithNames()
