main = IntermediateSection()
main.name_3 = SectionWithNames()
