main = IntermediateSection()
main.name_aname = SectionWithNames()
