main = IntermediateSection()
main.name_sname = SectionWithNames()
