main = IntermediateSection()
main.name_4name = SectionWithNames()
