main = IntermediateSection()
main.abcxyzh = SectionWithNames()
