main = IntermediateSection()
main.abcxyzm = SectionWithNames()
