main = IntermediateSection()
main.abcxyzr = SectionWithNames()
