main = IntermediateSection()
main.abcxyzs = SectionWithNames()
