main = IntermediateSection()
main.abcxyzz = SectionWithNames()
