main = IntermediateSection()
main.abcxyz4 = SectionWithNames()
