main = IntermediateSection()
main.abcxyz7 = SectionWithNames()
